
> idatel-sas@0.0.0 build
> vite build

[36mvite v8.0.8 [32mbuilding client environment for production...[36m[39m
[2K
transforming...Ô£ô 1753 modules transformed.
rendering chunks...
node.exe : [31mÔ£ù[39m Build failed in 468ms
En línea: 1 Carácter: 1
+ & "C:\Program Files\nodejs/node.exe" "C:\Program Files\nodejs/node_mo ...
+ ~~~~~~~~~~~~~~~~~~~~~~~~~~~~~~~~~~~~~~~~~~~~~~~~~~~~~~~~~~~~~~~~~~~~~
    + CategoryInfo          : NotSpecified: ([31mÔ£ù[39m Build failed in 468ms:String) [], RemoteException
    + FullyQualifiedErrorId : NativeCommandError
 
[31merror during build:
[31mBuild failed with 2 errors:

[31m[MISSING_EXPORT] Error:[0m "Linkedin" is not exported by "node_modules/lucide-react/dist/esm/lucide-react.js".
   [38;5;246mÔò¡[0m[38;5;246mÔöÇ[0m[38;5;246m[[0m src/pages/AdminDashboard.jsx:5:140 [38;5;246m][0m
   [38;5;246mÔöé[0m
 [38;5;246m5 Ôöé[0m 
[38;5;249mi[0m[38;5;249mm[0m[38;5;249mp[0m[38;5;249mo[0m[38;5;249mr[0m[38;5;249mt[0m[38;5;249m 
[0m[38;5;249m{[0m[38;5;249m 
[0m[38;5;249mP[0m[38;5;249ml[0m[38;5;249mu[0m[38;5;249ms[0m[38;5;249m,[0m[38;5;249m [0m[38;5;249mT[0m[3
8;5;249mr[0m[38;5;249ma[0m[38;5;249ms[0m[38;5;249mh[0m[38;5;249m2[0m[38;5;249m,[0m[38;5;249m 
[0m[38;5;249mE[0m[38;5;249md[0m[38;5;249mi[0m[38;5;249mt[0m[38;5;249m,[0m[38;5;249m 
[0m[38;5;249mS[0m[38;5;249ma[0m[38;5;249mv[0m[38;5;249me[0m[38;5;249m,[0m[38;5;249m [0m[38;5;249mL[0m[3
8;5;249mo[0m[38;5;249mg[0m[38;5;249mO[0m[38;5;249mu[0m[38;5;249mt[0m[38;5;249m,[0m[38;5;249m [0m[38;5;249
mL[0m[38;5;249ma[0m[38;5;249my[0m[38;5;249mo[0m[38;5;249mu[0m[38;5;249mt[0m[38;5;249mD[0m[38;5;249ma[0m
[38;5;249ms[0m[38;5;249mh[0m[38;5;249mb[0m[38;5;249mo[0m[38;5;249ma[0m[38;5;249mr[0m[38;5;249md[0m[38;5;2
49m,[0m[38;5;249m [0m[38;5;249mW[0m[38;5;249mi[0m[38;5;249mf[0m[38;5;249mi[0m[38;5;249m,[0m[38;5;249m 
[0m[38;5;249mT[0m[38;5;249my[0m[38;5;249mp[0m[38;5;249me[0m[38;5;249m,[0m[38;5;249m [0m[38;5;249mC[0m[3
8;5;249mh[0m[38;5;249me[0m[38;5;249mc[0m[38;5;249mk[0m[38;5;249mC[0m[38;5;249mi[0m[38;5;249mr[0m[38;5;249
mc[0m[38;5;249ml[0m[38;5;249me[0m[38;5;249m2[0m[38;5;249m,[0m[38;5;249m [0m[38;5;249mA[0m[38;5;249ml[0m
[38;5;249me[0m[38;5;249mr[0m[38;5;249mt[0m[38;5;249mC[0m[38;5;249mi[0m[38;5;249mr[0m[38;5;249mc[0m[38;5;2
49ml[0m[38;5;249me[0m[38;5;249m,[0m[38;5;249m [0m[38;5;249mL[0m[38;5;249mo[0m[38;5;249ma[0m[38;5;249md[0
m[38;5;249me[0m[38;5;249mr[0m[38;5;249m2[0m[38;5;249m,[0m[38;5;249m [0m[38;5;249mS[0m[38;5;249mh[0m[38;5
;249mi[0m[38;5;249me[0m[38;5;249ml[0m[38;5;249md[0m[38;5;249mC[0m[38;5;249mh[0m[38;5;249me[0m[38;5;249mc
[0m[38;5;249mk[0m[38;5;249m,[0m[38;5;249m [0m[38;5;249mB[0m[38;5;249mu[0m[38;5;249mi[0m[38;5;249ml[0m[38
;5;249md[0m[38;5;249mi[0m[38;5;249mn[0m[38;5;249mg[0m[38;5;249m2[0m[38;5;249m,[0m[38;5;249m 
[0m[38;5;249mU[0m[38;5;249ms[0m[38;5;249me[0m[38;5;249mr[0m[38;5;249ms[0m[38;5;249m,[0m[38;5;249m 
[0mLinkedin[38;5;249m [0m[38;5;249m}[0m[38;5;249m 
[0m[38;5;249mf[0m[38;5;249mr[0m[38;5;249mo[0m[38;5;249mm[0m[38;5;249m [0m[38;5;249m"[0m[38;5;249ml[0m[3
8;5;249mu[0m[38;5;249mc[0m[38;5;249mi[0m[38;5;249md[0m[38;5;249me[0m[38;5;249m-[0m[38;5;249mr[0m[38;5;249
me[0m[38;5;249ma[0m[38;5;249mc[0m[38;5;249mt[0m[38;5;249m"[0m[38;5;249m;[0m
 [38;5;240m  Ôöé[0m                                                                                                  
                                          ÔöÇÔöÇÔöÇÔöÇÔö¼ÔöÇÔöÇÔöÇ  
 [38;5;240m  Ôöé[0m                                                                                                  
                                              Ôò░ÔöÇÔöÇÔöÇÔöÇÔöÇ Missing export
[38;5;246mÔöÇÔöÇÔöÇÔò»[0m

[31m[MISSING_EXPORT] Error:[0m "Linkedin" is not exported by "node_modules/lucide-react/dist/esm/lucide-react.js".
   [38;5;246mÔò¡[0m[38;5;246mÔöÇ[0m[38;5;246m[[0m src/pages/AboutUs.jsx:4:34 [38;5;246m][0m
   [38;5;246mÔöé[0m
 [38;5;246m4 Ôöé[0m 
[38;5;249mi[0m[38;5;249mm[0m[38;5;249mp[0m[38;5;249mo[0m[38;5;249mr[0m[38;5;249mt[0m[38;5;249m 
[0m[38;5;249m{[0m[38;5;249m [0m[38;5;249mB[0m[38;5;249mu[0m[38;5;249mi[0m[38;5;249ml[0m[38;5;249md[0m[3
8;5;249mi[0m[38;5;249mn[0m[38;5;249mg[0m[38;5;249m2[0m[38;5;249m,[0m[38;5;249m [0m[38;5;249mT[0m[38;5;249
ma[0m[38;5;249mr[0m[38;5;249mg[0m[38;5;249me[0m[38;5;249mt[0m[38;5;249m,[0m[38;5;249m 
[0m[38;5;249mE[0m[38;5;249my[0m[38;5;249me[0m[38;5;249m,[0m[38;5;249m 
[0mLinkedin[38;5;249m,[0m[38;5;249m [0m[38;5;249mA[0m[38;5;249mr[0m[38;5;249mr[0m[38;5;249mo[0m[38;5;249m
w[0m[38;5;249mL[0m[38;5;249me[0m[38;5;249mf[0m[38;5;249mt[0m[38;5;249m,[0m[38;5;249m [0m[38;5;249mL[0m[
38;5;249mo[0m[38;5;249ma[0m[38;5;249md[0m[38;5;249me[0m[38;5;249mr[0m[38;5;249m2[0m[38;5;249m,[0m[38;5;24
9m [0m[38;5;249mC[0m[38;5;249mh[0m[38;5;249me[0m[38;5;249mc[0m[38;5;249mk[0m[38;5;249mC[0m[38;5;249mi[0m
[38;5;249mr[0m[38;5;249mc[0m[38;5;249ml[0m[38;5;249me[0m[38;5;249m2[0m[38;5;249m 
[0m[38;5;249m}[0m[38;5;249m [0m[38;5;249mf[0m[38;5;249mr[0m[38;5;249mo[0m[38;5;249mm[0m[38;5;249m [0m[3
8;5;249m"[0m[38;5;249ml[0m[38;5;249mu[0m[38;5;249mc[0m[38;5;249mi[0m[38;5;249md[0m[38;5;249me[0m[38;5;249
m-[0m[38;5;249mr[0m[38;5;249me[0m[38;5;249ma[0m[38;5;249mc[0m[38;5;249mt[0m[38;5;249m"[0m[38;5;249m;[0m
 [38;5;240m  Ôöé[0m                                  ÔöÇÔöÇÔöÇÔöÇÔö¼ÔöÇÔöÇÔöÇ  
 [38;5;240m  Ôöé[0m                                      Ôò░ÔöÇÔöÇÔöÇÔöÇÔöÇ Missing export
[38;5;246mÔöÇÔöÇÔöÇÔò»[0m
[31m
    at aggregateBindingErrorsIntoJsError 
(file:///C:/Users/CAMILO%20M/Documents/idatel-sas/node_modules/rolldown/dist/shared/error-w0u7biK-.mjs:48:18)
    at unwrapBindingResult 
(file:///C:/Users/CAMILO%20M/Documents/idatel-sas/node_modules/rolldown/dist/shared/error-w0u7biK-.mjs:18:128)
    at #build (file:///C:/Users/CAMILO%20M/Documents/idatel-sas/node_modules/rolldown/dist/shared/rolldown-build-DtGk-m
96.mjs:3313:34)
    at async buildEnvironment 
(file:///C:/Users/CAMILO%20M/Documents/idatel-sas/node_modules/vite/dist/node/chunks/node.js:32954:64)
    at async Object.build 
(file:///C:/Users/CAMILO%20M/Documents/idatel-sas/node_modules/vite/dist/node/chunks/node.js:33376:19)
    at async Object.buildApp 
(file:///C:/Users/CAMILO%20M/Documents/idatel-sas/node_modules/vite/dist/node/chunks/node.js:33373:153)
    at async CAC.<anonymous> 
(file:///C:/Users/CAMILO%20M/Documents/idatel-sas/node_modules/vite/dist/node/cli.js:778:3) {
  errors: [Getter/Setter]
}[39m
